// Jest Snapshot v1, https://goo.gl/fbAQLP

exports[`Header should be rendered 1`] = `
<header>
  <h1
    className="typography__H1-sc-1yq3b4j-0 bzXKrb"
  >
    Tietojeni käyttö
  </h1>
  <p
    className="Header__Description-sc-19ub9le-0 gqzQDt"
  >
    Tällä sivulla voit tarkastella ja hallinnoida antamiasi käyttölupia tietoihisi. Lisäksi näet mitkä tahot, esim. viranomaiset, ovat katsoneet opintotietojasi.
    *
  </p>
  <h3
    className="StudentInfo__Student-sc-8zvgal-0 hsvIvK"
  >
    <span
      className="StudentInfo__Name-sc-8zvgal-1 fKcnY"
    >
      Onni Oskari Oppija
    </span>
    <span
      className="StudentInfo__Birthday-sc-8zvgal-2 igEQxQ"
    >
       s. 
      1.2.1980
    </span>
  </h3>
  <div
    className="NavBar__Navigation-sc-18mzj0n-0 jHKwkt"
  >
    <a
      className="NavBar__Link-sc-18mzj0n-5 ktidaL"
      href="/koski/omadata/kayttooikeudet"
    >
      <span
        className="NavBar__InactiveTab-sc-18mzj0n-2 dhKxFl"
      >
        Annetut käyttöluvat
      </span>
    </a>
    <span
      className="NavBar__ActiveTab-sc-18mzj0n-3 erWAMW"
    >
      Tietojani käyttäneet toimijat
    </span>
    <span
      className="NavBar__Filler-sc-18mzj0n-4 jTKRzr"
    />
  </div>
</header>
`;
