// Jest Snapshot v1, https://jestjs.io/docs/snapshot-testing

exports[`NavBar should be rendered 1`] = `
<div
  className="NavBar__Navigation-sc-18mzj0n-0 ejDhUp"
>
  <a
    className="NavBar__Link-sc-18mzj0n-5 ixtsGH"
    href="/koski/omadata/kayttooikeudet"
  >
    <span
      className="NavBar__Tab-sc-18mzj0n-1 NavBar__InactiveTab-sc-18mzj0n-2 bdxJEn cbXCdy"
    >
      Annetut suostumukset
    </span>
  </a>
  <span
    className="NavBar__Tab-sc-18mzj0n-1 NavBar__ActiveTab-sc-18mzj0n-3 bdxJEn iZqKic"
  >
    Tietojani käyttäneet toimijat
  </span>
  <span
    className="NavBar__Filler-sc-18mzj0n-4 gZjJgi"
  />
</div>
`;
