// Jest Snapshot v1, https://goo.gl/fbAQLP

exports[`StudentInfo should be rendered 1`] = `
<h3
  className="typography__H3-sc-1yq3b4j-2 StudentInfo__Student-sc-8zvgal-0 cubGuE lhxgwj"
>
  <span
    className="StudentInfo__Name-sc-8zvgal-1 XxPHx"
  >
    Onni Oskari Oppija
  </span>
  <span
    className="StudentInfo__Birthday-sc-8zvgal-2 cXBXja"
  >
     s. 
    1.2.1980
  </span>
</h3>
`;
